[2026-02-11T18:59:53.061872] BRAGE,1,1,2,-48,8,96,UL,
[2026-02-11T18:59:53.114944] BRAGE,54,1,3,-43,9,99,UL,
[2026-02-11T18:59:53.168536] BRAGE,108,1,4,-51,11,97,DL,
[2026-02-11T18:59:53.222046] BRAGE,161,1,5,-40,11,95,UL,
[2026-02-11T18:59:53.275259] BRAGE,214,1,6,-49,10,95,DL,
[2026-02-11T18:59:53.330237] BRAGE,269,1,7,-44,10,95,DL,
[2026-02-11T18:59:53.382053] BRAGE,321,1,8,-43,12,96,DL,
[2026-02-11T18:59:53.435089] BRAGE,374,1,9,-54,6,95,DL,
[2026-02-11T18:59:53.488285] BRAGE,427,1,10,-52,9,98,DL,
[2026-02-11T18:59:53.541902] BRAGE,481,1,11,-44,6,98,UL,
[2026-02-11T18:59:53.587074] BRAGE,526,1,12,-43,10,96,DL,
[2026-02-11T18:59:53.638276] BRAGE,577,1,13,-40,9,98,DL,
[2026-02-11T18:59:53.690345] BRAGE,630,1,14,-42,8,96,DL,
[2026-02-11T18:59:53.743313] BRAGE,682,1,15,-48,12,96,DL,
[2026-02-11T18:59:53.796263] BRAGE,735,1,16,-42,10,97,DL,
[2026-02-11T18:59:53.843144] BRAGE,782,1,17,-46,6,97,UL,
[2026-02-11T18:59:53.894464] BRAGE,834,1,18,-44,6,100,DL,
[2026-02-11T18:59:53.946383] BRAGE,886,1,19,-50,11,98,DL,
[2026-02-11T18:59:53.999259] BRAGE,938,1,20,-44,11,99,DL,
[2026-02-11T18:59:54.051793] BRAGE,991,1,21,-43,8,97,DL,
[2026-02-11T18:59:54.103644] BRAGE,1043,1,22,-51,11,95,DL,
[2026-02-11T18:59:54.156269] BRAGE,1095,1,23,-40,12,100,DL,
[2026-02-11T18:59:54.208781] BRAGE,1148,1,24,-42,6,99,DL,
[2026-02-11T18:59:54.261783] BRAGE,1201,1,25,-41,7,98,DL,
[2026-02-11T18:59:54.314771] BRAGE,1254,1,26,-51,6,100,UL,
[2026-02-11T18:59:54.367007] BRAGE,1306,1,27,-53,11,97,DL,
[2026-02-11T18:59:54.420042] BRAGE,1359,1,28,-41,8,100,DL,
[2026-02-11T18:59:54.473097] BRAGE,1412,1,29,-43,7,98,DL,
[2026-02-11T18:59:54.524938] BRAGE,1464,1,30,-43,12,97,DL,
[2026-02-11T18:59:54.577670] BRAGE,1517,1,31,-47,10,99,DL,
[2026-02-11T18:59:54.628915] BRAGE,1568,1,32,-47,8,98,DL,
[2026-02-11T18:59:54.680836] BRAGE,1620,1,33,-40,8,96,DL,
